// Jest Snapshot v1, https://goo.gl/fbAQLP

exports[`asBreadcrumbsClean creates breadcrumbs for basic 1-level list 1`] = `"<ul><li><a href=\\"/products\\"></a></li></ul>"`;

exports[`asBreadcrumbsClean creates breadcrumbs for basic 2-level list 1`] = `"<ul><li><a href=\\"/products\\"></a></li><li><a href=\\"/products/productA\\"></a></li></ul>"`;

exports[`asBreadcrumbsClean creates breadcrumbs for basic 3-level list 1`] = `"<ul><li><a href=\\"/articles\\"></a></li><li><a href=\\"/articles/news\\"></a></li><li><a href=\\"/articles/news/newsA\\"></a></li></ul>"`;

exports[`asBreadcrumbsClean creates breadcrumbs when child is active and parent is not subpath of child 1`] = `"<ul><li><a href=\\"/products\\"></a></li><li design=\\"[object Object]\\"><a href=\\"/productA\\"></a></li></ul>"`;

exports[`withBreadcrumbDesign allows designing breadcrumb components 1`] = `"<ul><li label=\\"breadcrumb-item\\"><a href=\\"/products\\" class=\\"breadcrumb-title\\"></a></li><li label=\\"breadcrumb-item\\" design=\\"[object Object]\\"><a href=\\"/products/productA\\" class=\\"breadcrumb-title\\"></a></li></ul>"`;

exports[`withBreadcrumbSeparator can add a separator to breadcrumbs 1`] = `"<ul><li><a href=\\"/products\\"></a></li><li design=\\"[object Object]\\"><a href=\\"/products/productA\\"></a></li><span id=\\"separator\\"></span><span id=\\"separator\\"></span></ul>"`;
